=====================================================================
== C:\dayz-shit\dayz_sa\DayZServer_x64.exe
== DayZServer_x64.exe -config=C:\dayz-shit\dayz_sa\DayZServerprofiles\serverDZ.cfg "-mod=@CF;@Community-Online-Tools;@Dabs Framework;@DayZ-Expansion-Bundle;@DayZ-Expansion-Licensed;@DayZ-Expansion-Animations;@GameLabs" -servermod=@DayZ-Dynamic-AI-Addon -port=2302 -adminlog -netlog -freezecheck -profiles=.\DayZServerprofiles
=====================================================================
Exe timestamp: 2023/11/25 11:03:33
Current time:  2023/12/01 07:16:40
Version 1.23.156951
=====================================================================

 7:16:40.715 [Inputs] Loading inputs default "bin/constants.xml"
 7:16:40.730 [Inputs] Loading inputs default "bin/specific.xml"
 7:16:40.730 [Inputs] Loading inputs default "JM/COT/Scripts/Data/Inputs.xml"
 7:16:40.730 [Inputs] Loading inputs default "DayZExpansion/Groups/Scripts/Data/Inputs.xml"
 7:16:40.730 [Inputs] Loading inputs default "DayZExpansion/Navigation/Scripts/Data/Inputs.xml"
 7:16:40.730 !!! [Inputs] Attempt to register duplicate exclusion group "chatexpansion"
 7:16:40.730 [Inputs] Loading inputs default "DayZExpansion/PlayerList/Scripts/Data/Inputs.xml"
 7:16:40.730 !!! [Inputs] Attempt to register duplicate exclusion group "chatexpansion"
 7:16:40.730 [Inputs] Loading inputs default "DayZExpansion/Scripts/Data/Inputs.xml"
 7:16:40.730 !!! [Inputs] Attempt to register duplicate exclusion group "chatexpansion"
 7:16:40.730 [Inputs] Loading inputs default "DayZExpansion/Vehicles/Scripts/Data/Inputs.xml"
 7:16:40.730 [Inputs] Loading inputs default "DayZExpansion/AI/Scripts/inputs.xml"
 7:16:40.730 [Inputs] Loading inputs default "DayZExpansion/BaseBuilding/Scripts/Data/Inputs.xml"
 7:16:40.730 !!! [Inputs] Attempt to register duplicate exclusion group "chatexpansion"
 7:16:40.730 [Inputs] Loading inputs default "DayZExpansion/Book/Scripts/Data/Inputs.xml"
 7:16:40.730 !!! [Inputs] Attempt to register duplicate exclusion group "chatexpansion"
 7:16:40.730 [Inputs] Loading inputs default "DayZExpansion/Chat/Scripts/Data/Inputs.xml"
 7:16:40.730 !!! [Inputs] Attempt to register duplicate exclusion group "chatexpansion"
 7:16:40.730 [Inputs] Loading inputs default "DayZExpansion/Quests/Scripts/Data/Inputs.xml"
 7:16:40.730 [Inputs] Loading inputs cfg ".\DayZServerprofiles\Users\Survivor\Server.core.xml"
 7:16:40.746 [Inputs] Exporting inputs cfg ".\DayZServerprofiles\Users\Survivor\Server.core.xml"
 7:17:24.191 [CE][Hive] :: Initializing OFFLINE
 7:17:24.191 [StorageDirs] :: Selected storage directory: C:\dayz-shit\dayz_sa\mpmissions\dayzOffline.chernarusplus\storage_1\
 7:17:24.191 [CE][Hive] :: Loading core data ... 
 7:17:24.191 [CE][CoreData] :: 7 root classes, 18 defaults, 0 updaters...
 7:17:31.108 [CE] :: WARNING :: Preset map "optics" is EMPTY.
 7:17:31.108 [CE][TypeSetup] :: 525 classes setuped...
 7:17:31.124 [CE] :: WARNING :: Preset map "optics" is EMPTY.
 7:17:31.124 [CE][TypeSetup] :: 97 classes setuped...
 7:17:33.105 [CE][RegisterBind] :: 0 classes binded...
 7:17:33.105 [CE][RegisterConfig] :: 11373 config classes registered, 0 sub-counters...
 7:17:33.105 [CE][Hive] :: Loading map data ... 
 7:17:33.105 [CE][IgnoreList] "cfgignorelist.xml" :: loaded 19 types
 7:17:33.152 [CE][LoadPrototype] :: loaded 426 prototypes
 7:17:33.152   822 containers, 10869 points
 7:17:33.152   71 dispatches, 250 proxies
 7:17:33.152 !!! [CE][LoadPrototype] 5 groups have no points...
 7:17:33.152 [CE][LoadPrototype] :: last group name: StaticObj_Misc_SupplyBox3_DE...
 7:17:33.162 [CE][LoadPrototype] :: loaded 0 prototypes
 7:17:33.162   55 containers, 232 points
 7:17:33.162   0 dispatches, 0 proxies
 7:17:33.162 [CE][LoadPrototype] :: last group name: Rail9...
 7:17:34.664 [CE][LoadMap] "Group" :: loaded 11680 groups, groups failed: 0, largest group range: 34.2
 7:17:34.669 [CE][LoadMap] "Dirt" :: loaded 0 groups, groups failed: 0, largest group range: 34.2
 7:17:35.78 [CE][Links] found 1950 total links between groups, of 11680
 7:17:35.78 [CE][LoadClusters] "Cluster" :: Loading files...
 7:17:35.263 [CE][LoadClusters] :: file: "mapgroupcluster.xml", 9 types, 50000 instances
 7:17:35.451 [CE][LoadClusters] :: file: "mapgroupcluster01", 9 types, 50000 instances
 7:17:35.749 [CE][LoadClusters] :: file: "mapgroupcluster02", 9 types, 50000 instances
 7:17:36.12 [CE][LoadClusters] :: file: "mapgroupcluster03", 9 types, 50000 instances
 7:17:36.89 [CE][LoadClusters] :: file: "mapgroupcluster04", 9 types, 17347 instances
 7:17:36.98 [CE][Storage] ver:21 stamp:11985, valid:yes, name:"C:\dayz-shit\dayz_sa\mpmissions\dayzOffline.chernarusplus\storage_1\data\types.bin"
 7:17:36.100 [CE][Storage] ver:21 stamp:11696, valid:yes, name:"C:\dayz-shit\dayz_sa\mpmissions\dayzOffline.chernarusplus\storage_1\data\types.001"
 7:17:36.101 [CE][Storage] ver:21 stamp:11697, valid:yes, name:"C:\dayz-shit\dayz_sa\mpmissions\dayzOffline.chernarusplus\storage_1\data\types.002"
 7:17:36.102 [CE][Storage] Restoring file "C:\dayz-shit\dayz_sa\mpmissions\dayzOffline.chernarusplus\storage_1\data\types.bin".
 7:17:36.282 !!! [CE][offlineDB] :: No Shutdown message present.
 7:17:36.297 [CE][offlineDB] :: Loaded 48 dynamic events 228 total types.
 7:17:36.297 !!! [CE][DE] (VehicleTruck01) :: Unable to create child (Truck_01_Covered_Grey) as the type does not exist.
 7:17:36.297 [CE][offlineDB] :: Loaded 59 dynamic events 292 total types.
 7:17:36.329 !!! [CE][offlineDB] :: Type 'ChristmasTree' will be ignored. (Not spawnable. (Scope is not public?))
 7:17:36.329 !!! [CE][offlineDB] :: Type 'WitchHood_Chainmail_Black' will be ignored. (Type does not exist. (Typo?))
 7:17:36.329 !!! [CE][offlineDB] :: Type 'WitchHood_Chainmail_Brown' will be ignored. (Type does not exist. (Typo?))
 7:17:36.329 !!! [CE][offlineDB] :: Type 'WitchHood_Chainmail_Red' will be ignored. (Type does not exist. (Typo?))
 7:17:36.344 !!! [CE][offlineDB] :: Type 'Expansion_M79' will be ignored. (Not spawnable. (Scope is not public?))
 7:17:36.344 !!! [CE][offlineDB] :: Type 'ExpansionFlaregun' will be ignored. (Not spawnable. (Scope is not public?))
 7:17:36.344 !!! [CE][offlineDB] :: Type 'Expansion_Longhorn' will be ignored. (Not spawnable. (Scope is not public?))
 7:17:36.673 !!! [CE][DE][SPAWNS] :: [WARNING] :: Skipping entry for non-existing event 'VehicleTransitBus'.
 7:17:36.673 [CE][DE][SPAWNS] :: Total positions: 1024
 7:17:36.673 [CE][DE][GROUPS] :: Total eventgroups defined: 83, Eventgroups in use: 83
 7:17:36.673 [CE][Storage] ver:21 stamp:11985, valid:yes, name:"C:\dayz-shit\dayz_sa\mpmissions\dayzOffline.chernarusplus\storage_1\data\events.bin"
 7:17:36.673 [CE][Storage] ver:21 stamp:11696, valid:yes, name:"C:\dayz-shit\dayz_sa\mpmissions\dayzOffline.chernarusplus\storage_1\data\events.001"
 7:17:36.673 [CE][Storage] ver:21 stamp:11697, valid:yes, name:"C:\dayz-shit\dayz_sa\mpmissions\dayzOffline.chernarusplus\storage_1\data\events.002"
 7:17:36.689 [CE][Storage] Restoring file "C:\dayz-shit\dayz_sa\mpmissions\dayzOffline.chernarusplus\storage_1\data\events.bin".
 7:17:36.689 [CE][DynamicEvent] Load  Events:[59] Primary spawners: 59 Secondary spawners: 4
 7:17:36.689 [CE][Storage] ver:25 stamp:11985, valid:yes, name:"C:\dayz-shit\dayz_sa\mpmissions\dayzOffline.chernarusplus\storage_1\data\dynamic_000.bin"
 7:17:36.689 [CE][Storage] ver:25 stamp:11696, valid:yes, name:"C:\dayz-shit\dayz_sa\mpmissions\dayzOffline.chernarusplus\storage_1\data\dynamic_000.001"
 7:17:36.689 [CE][Storage] ver:25 stamp:11697, valid:yes, name:"C:\dayz-shit\dayz_sa\mpmissions\dayzOffline.chernarusplus\storage_1\data\dynamic_000.002"
 7:17:36.689 [CE][Storage] Restoring file "C:\dayz-shit\dayz_sa\mpmissions\dayzOffline.chernarusplus\storage_1\data\dynamic_000.bin" 859 items.
 7:17:37.440   859 items loaded. (0 failed)
 7:17:37.440 [CE][Storage] ver:25 stamp:11985, valid:yes, name:"C:\dayz-shit\dayz_sa\mpmissions\dayzOffline.chernarusplus\storage_1\data\dynamic_001.bin"
 7:17:37.440 [CE][Storage] ver:25 stamp:11696, valid:yes, name:"C:\dayz-shit\dayz_sa\mpmissions\dayzOffline.chernarusplus\storage_1\data\dynamic_001.001"
 7:17:37.440 [CE][Storage] ver:25 stamp:11697, valid:yes, name:"C:\dayz-shit\dayz_sa\mpmissions\dayzOffline.chernarusplus\storage_1\data\dynamic_001.002"
 7:17:37.440 [CE][Storage] Restoring file "C:\dayz-shit\dayz_sa\mpmissions\dayzOffline.chernarusplus\storage_1\data\dynamic_001.bin" 1706 items.
 7:17:38.965   1706 items loaded. (0 failed)
 7:17:38.965 [CE][Storage] ver:25 stamp:11985, valid:yes, name:"C:\dayz-shit\dayz_sa\mpmissions\dayzOffline.chernarusplus\storage_1\data\dynamic_002.bin"
 7:17:38.965 [CE][Storage] ver:25 stamp:11696, valid:yes, name:"C:\dayz-shit\dayz_sa\mpmissions\dayzOffline.chernarusplus\storage_1\data\dynamic_002.001"
 7:17:38.965 [CE][Storage] ver:25 stamp:11697, valid:yes, name:"C:\dayz-shit\dayz_sa\mpmissions\dayzOffline.chernarusplus\storage_1\data\dynamic_002.002"
 7:17:38.965 [CE][Storage] Restoring file "C:\dayz-shit\dayz_sa\mpmissions\dayzOffline.chernarusplus\storage_1\data\dynamic_002.bin" 2413 items.
 7:17:40.704   2413 items loaded. (0 failed)
 7:17:40.704 [CE][Storage] ver:25 stamp:11985, valid:yes, name:"C:\dayz-shit\dayz_sa\mpmissions\dayzOffline.chernarusplus\storage_1\data\dynamic_003.bin"
 7:17:40.704 [CE][Storage] ver:25 stamp:11696, valid:yes, name:"C:\dayz-shit\dayz_sa\mpmissions\dayzOffline.chernarusplus\storage_1\data\dynamic_003.001"
 7:17:40.720 [CE][Storage] ver:25 stamp:11697, valid:yes, name:"C:\dayz-shit\dayz_sa\mpmissions\dayzOffline.chernarusplus\storage_1\data\dynamic_003.002"
 7:17:40.720 [CE][Storage] Restoring file "C:\dayz-shit\dayz_sa\mpmissions\dayzOffline.chernarusplus\storage_1\data\dynamic_003.bin" 2183 items.
 7:17:42.633   2183 items loaded. (0 failed)
 7:17:42.633 [CE][Storage] ver:25 stamp:11985, valid:yes, name:"C:\dayz-shit\dayz_sa\mpmissions\dayzOffline.chernarusplus\storage_1\data\dynamic_004.bin"
 7:17:42.633 [CE][Storage] ver:25 stamp:11696, valid:yes, name:"C:\dayz-shit\dayz_sa\mpmissions\dayzOffline.chernarusplus\storage_1\data\dynamic_004.001"
 7:17:42.633 [CE][Storage] ver:25 stamp:11697, valid:yes, name:"C:\dayz-shit\dayz_sa\mpmissions\dayzOffline.chernarusplus\storage_1\data\dynamic_004.002"
 7:17:42.633 [CE][Storage] Restoring file "C:\dayz-shit\dayz_sa\mpmissions\dayzOffline.chernarusplus\storage_1\data\dynamic_004.bin" 1782 items.
 7:17:44.143   1782 items loaded. (0 failed)
 7:17:44.143 [CE][Storage] ver:25 stamp:11985, valid:yes, name:"C:\dayz-shit\dayz_sa\mpmissions\dayzOffline.chernarusplus\storage_1\data\dynamic_005.bin"
 7:17:44.143 [CE][Storage] ver:25 stamp:11696, valid:yes, name:"C:\dayz-shit\dayz_sa\mpmissions\dayzOffline.chernarusplus\storage_1\data\dynamic_005.001"
 7:17:44.159 [CE][Storage] ver:25 stamp:11697, valid:yes, name:"C:\dayz-shit\dayz_sa\mpmissions\dayzOffline.chernarusplus\storage_1\data\dynamic_005.002"
 7:17:44.159 [CE][Storage] Restoring file "C:\dayz-shit\dayz_sa\mpmissions\dayzOffline.chernarusplus\storage_1\data\dynamic_005.bin" 2056 items.
 7:17:45.565   2056 items loaded. (0 failed)
 7:17:45.565 [CE][Storage] ver:25 stamp:11985, valid:yes, name:"C:\dayz-shit\dayz_sa\mpmissions\dayzOffline.chernarusplus\storage_1\data\dynamic_006.bin"
 7:17:45.565 [CE][Storage] ver:25 stamp:11696, valid:yes, name:"C:\dayz-shit\dayz_sa\mpmissions\dayzOffline.chernarusplus\storage_1\data\dynamic_006.001"
 7:17:45.565 [CE][Storage] ver:25 stamp:11697, valid:yes, name:"C:\dayz-shit\dayz_sa\mpmissions\dayzOffline.chernarusplus\storage_1\data\dynamic_006.002"
 7:17:45.565 [CE][Storage] Restoring file "C:\dayz-shit\dayz_sa\mpmissions\dayzOffline.chernarusplus\storage_1\data\dynamic_006.bin" 1470 items.
 7:17:46.670   1470 items loaded. (0 failed)
 7:17:46.686 [CE][Storage] ver:25 stamp:11985, valid:yes, name:"C:\dayz-shit\dayz_sa\mpmissions\dayzOffline.chernarusplus\storage_1\data\dynamic_007.bin"
 7:17:46.686 [CE][Storage] ver:25 stamp:11696, valid:yes, name:"C:\dayz-shit\dayz_sa\mpmissions\dayzOffline.chernarusplus\storage_1\data\dynamic_007.001"
 7:17:46.686 [CE][Storage] ver:25 stamp:11697, valid:yes, name:"C:\dayz-shit\dayz_sa\mpmissions\dayzOffline.chernarusplus\storage_1\data\dynamic_007.002"
 7:17:46.686 [CE][Storage] Restoring file "C:\dayz-shit\dayz_sa\mpmissions\dayzOffline.chernarusplus\storage_1\data\dynamic_007.bin" 1419 items.
 7:17:47.996   1419 items loaded. (0 failed)
 7:17:47.996 [CE][Storage] ver:25 stamp:11985, valid:yes, name:"C:\dayz-shit\dayz_sa\mpmissions\dayzOffline.chernarusplus\storage_1\data\dynamic_008.bin"
 7:17:47.996 [CE][Storage] ver:25 stamp:11696, valid:yes, name:"C:\dayz-shit\dayz_sa\mpmissions\dayzOffline.chernarusplus\storage_1\data\dynamic_008.001"
 7:17:47.996 [CE][Storage] ver:25 stamp:11697, valid:yes, name:"C:\dayz-shit\dayz_sa\mpmissions\dayzOffline.chernarusplus\storage_1\data\dynamic_008.002"
 7:17:47.996 [CE][Storage] Restoring file "C:\dayz-shit\dayz_sa\mpmissions\dayzOffline.chernarusplus\storage_1\data\dynamic_008.bin" 2069 items.
 7:17:49.466   2069 items loaded. (0 failed)
 7:17:49.466 [CE][Storage] ver:25 stamp:11985, valid:yes, name:"C:\dayz-shit\dayz_sa\mpmissions\dayzOffline.chernarusplus\storage_1\data\dynamic_009.bin"
 7:17:49.481 [CE][Storage] ver:25 stamp:11696, valid:yes, name:"C:\dayz-shit\dayz_sa\mpmissions\dayzOffline.chernarusplus\storage_1\data\dynamic_009.001"
 7:17:49.481 [CE][Storage] ver:25 stamp:11697, valid:yes, name:"C:\dayz-shit\dayz_sa\mpmissions\dayzOffline.chernarusplus\storage_1\data\dynamic_009.002"
 7:17:49.481 [CE][Storage] Restoring file "C:\dayz-shit\dayz_sa\mpmissions\dayzOffline.chernarusplus\storage_1\data\dynamic_009.bin" 2564 items.
 7:17:51.817   2564 items loaded. (0 failed)
 7:17:51.817 [CE][Storage] ver:25 stamp:11985, valid:yes, name:"C:\dayz-shit\dayz_sa\mpmissions\dayzOffline.chernarusplus\storage_1\data\dynamic_010.bin"
 7:17:51.817 [CE][Storage] ver:25 stamp:11696, valid:yes, name:"C:\dayz-shit\dayz_sa\mpmissions\dayzOffline.chernarusplus\storage_1\data\dynamic_010.001"
 7:17:51.817 [CE][Storage] ver:25 stamp:11697, valid:yes, name:"C:\dayz-shit\dayz_sa\mpmissions\dayzOffline.chernarusplus\storage_1\data\dynamic_010.002"
 7:17:51.817 [CE][Storage] Restoring file "C:\dayz-shit\dayz_sa\mpmissions\dayzOffline.chernarusplus\storage_1\data\dynamic_010.bin" 1671 items.
 7:17:53.374   1671 items loaded. (0 failed)
 7:17:53.390 [CE][Storage] ver:25 stamp:11985, valid:yes, name:"C:\dayz-shit\dayz_sa\mpmissions\dayzOffline.chernarusplus\storage_1\data\dynamic_011.bin"
 7:17:53.390 [CE][Storage] ver:25 stamp:11696, valid:yes, name:"C:\dayz-shit\dayz_sa\mpmissions\dayzOffline.chernarusplus\storage_1\data\dynamic_011.001"
 7:17:53.390 [CE][Storage] ver:25 stamp:11697, valid:yes, name:"C:\dayz-shit\dayz_sa\mpmissions\dayzOffline.chernarusplus\storage_1\data\dynamic_011.002"
 7:17:53.390 [CE][Storage] Restoring file "C:\dayz-shit\dayz_sa\mpmissions\dayzOffline.chernarusplus\storage_1\data\dynamic_011.bin" 167 items.
 7:17:53.515   167 items loaded. (0 failed)
 7:17:53.531 [CE][Storage] ver:26 stamp:11985, valid:yes, name:"C:\dayz-shit\dayz_sa\mpmissions\dayzOffline.chernarusplus\storage_1\data\building.bin"
 7:17:53.531 [CE][Storage] ver:26 stamp:11696, valid:yes, name:"C:\dayz-shit\dayz_sa\mpmissions\dayzOffline.chernarusplus\storage_1\data\building.001"
 7:17:53.531 [CE][Storage] ver:26 stamp:11697, valid:yes, name:"C:\dayz-shit\dayz_sa\mpmissions\dayzOffline.chernarusplus\storage_1\data\building.002"
 7:17:53.531 [CE][Storage] Restoring file "C:\dayz-shit\dayz_sa\mpmissions\dayzOffline.chernarusplus\storage_1\data\building.bin" 0 items.
 7:17:53.531   0 items loaded. (0 failed)
 7:17:53.531 [CE][Storage] ver:25 stamp:11985, valid:yes, name:"C:\dayz-shit\dayz_sa\mpmissions\dayzOffline.chernarusplus\storage_1\data\vehicles.bin"
 7:17:53.531 [CE][Storage] ver:25 stamp:11696, valid:yes, name:"C:\dayz-shit\dayz_sa\mpmissions\dayzOffline.chernarusplus\storage_1\data\vehicles.001"
 7:17:53.531 [CE][Storage] ver:25 stamp:11697, valid:yes, name:"C:\dayz-shit\dayz_sa\mpmissions\dayzOffline.chernarusplus\storage_1\data\vehicles.002"
 7:17:53.531 [CE][Storage] Restoring file "C:\dayz-shit\dayz_sa\mpmissions\dayzOffline.chernarusplus\storage_1\data\vehicles.bin" 283 items.
 7:17:54.677   283 items loaded. (0 failed)
 7:17:54.723 [CE][Hive] :: Storage load took:18.03 seconds, recovery stamp:11985
 7:17:54.723   entity: 22581, building: 0
 7:17:54.723   no lifetime: 74
 7:17:54.723   pathgraph's: 624
 7:17:54.723 [CE][Hive] :: Initializing ... 
 7:17:54.786 [CE][InitializeMap] :: initialized: 0
 7:17:54.786 [CE][Hive] :: Initializing spawners ... 
 7:17:54.895 [CE][LootRespawner] (PRIDummy) :: Initially (re)spawned:0, Nominal:23604, Total in Map: 20584 at 0 (sec)
 7:17:54.895   tests:0, repeats:0 fails:0, overtime:0
 7:17:54.911 [CE][DynEvent] :: 59 types
 7:17:54.911 [00] AmbientHen
 7:17:54.911   Primary Spawner: "Ambient", active: yes, repeat: 1
 7:17:54.911 [01] AnimalBear
 7:17:54.911   Primary Spawner: "Animal", active: yes, repeat: 1
 7:17:54.911 [02] AnimalCow
 7:17:54.911   Primary Spawner: "Animal", active: yes, repeat: 1
 7:17:54.911 [03] AnimalDeer
 7:17:54.911   Primary Spawner: "Animal", active: yes, repeat: 1
 7:17:54.911 [04] AnimalGoat
 7:17:54.911   Primary Spawner: "Animal", active: yes, repeat: 1
 7:17:54.911 [05] AnimalPig
 7:17:54.911   Primary Spawner: "Animal", active: yes, repeat: 1
 7:17:54.911 [06] AnimalRoeDeer
 7:17:54.911   Primary Spawner: "Animal", active: yes, repeat: 1
 7:17:54.911 [07] AnimalSheep
 7:17:54.911   Primary Spawner: "Animal", active: yes, repeat: 1
 7:17:54.911 [08] AnimalWildBoar
 7:17:54.911   Primary Spawner: "Animal", active: yes, repeat: 1
 7:17:54.911 [09] AnimalWolf
 7:17:54.911   Primary Spawner: "Animal", active: yes, repeat: 1
 7:17:54.911 [10] InfectedArmy
 7:17:54.911   Primary Spawner: "Infected", active: yes, repeat: 1
 7:17:54.911 [11] InfectedArmyHard
 7:17:54.911   Primary Spawner: "Infected", active: yes, repeat: 1
 7:17:54.911 [12] InfectedCity
 7:17:54.911   Primary Spawner: "Infected", active: yes, repeat: 1
 7:17:54.911 [13] InfectedCityTier1
 7:17:54.911   Primary Spawner: "Infected", active: yes, repeat: 1
 7:17:54.911 [14] InfectedFirefighter
 7:17:54.911   Primary Spawner: "Infected", active: yes, repeat: 1
 7:17:54.911 [15] InfectedIndustrial
 7:17:54.911   Primary Spawner: "Infected", active: yes, repeat: 1
 7:17:54.911 [16] InfectedMedic
 7:17:54.911   Primary Spawner: "Infected", active: yes, repeat: 1
 7:17:54.911 [17] InfectedNBC
 7:17:54.911   Primary Spawner: "Infected", active: yes, repeat: 1
 7:17:54.911 [18] InfectedNBCYellow
 7:17:54.911   Primary Spawner: "Infected", active: yes, repeat: 1
 7:17:54.911 [19] InfectedPolice
 7:17:54.911   Primary Spawner: "Infected", active: yes, repeat: 1
 7:17:54.911 [20] InfectedPoliceHard
 7:17:54.911   Primary Spawner: "Infected", active: yes, repeat: 1
 7:17:54.911 [21] InfectedPrisoner
 7:17:54.911   Primary Spawner: "Infected", active: yes, repeat: 1
 7:17:54.911 [22] InfectedReligious
 7:17:54.911   Primary Spawner: "Infected", active: yes, repeat: 1
 7:17:54.911 [23] InfectedSanta
 7:17:54.911   Primary Spawner: "Infected", active: yes, repeat: 1
 7:17:54.911 [24] InfectedSolitude
 7:17:54.911   Primary Spawner: "Infected", active: yes, repeat: 1
 7:17:54.911 [25] InfectedVillage
 7:17:54.911   Primary Spawner: "Infected", active: yes, repeat: 1
 7:17:54.911 [26] InfectedVillageTier1
 7:17:54.911   Primary Spawner: "Infected", active: yes, repeat: 1
 7:17:54.911 [27] ItemPlanks
 7:17:54.911   Primary Spawner: "Item", active: yes, repeat: 1
 7:17:54.911 [28] Loot
 7:17:54.911   Primary Spawner: "Loot", active: yes, repeat: 2
 7:17:54.911 [29] StaticAirplaneCrate
 7:17:54.911   Primary Spawner: "Static", active: yes, repeat: 1
 7:17:54.911 [30] StaticContaminatedArea
 7:17:54.911   Primary Spawner: "Static", active: yes, repeat: 1
 7:17:54.911 [31] StaticHeliCrash
 7:17:54.911   Primary Spawner: "Static", active: yes, repeat: 1
 7:17:54.911   Secondary Spawner: "Infected", active: yes, repeat: 1
 7:17:54.911 [32] StaticMilitaryConvoy
 7:17:54.911   Primary Spawner: "Static", active: yes, repeat: 1
 7:17:54.911   Secondary Spawner: "Infected", active: yes, repeat: 1
 7:17:54.911 [33] StaticPoliceSituation
 7:17:54.911   Primary Spawner: "Static", active: yes, repeat: 1
 7:17:54.911   Secondary Spawner: "Infected", active: yes, repeat: 1
 7:17:54.911 [34] StaticTrain
 7:17:54.911   Primary Spawner: "Static", active: yes, repeat: 1
 7:17:54.911   Secondary Spawner: "Infected", active: yes, repeat: 1
 7:17:54.911 [35] TrajectoryApple
 7:17:54.911   Primary Spawner: "Trajectory", active: yes, repeat: 1
 7:17:54.911 [36] TrajectoryConiferous
 7:17:54.911   Primary Spawner: "Trajectory", active: yes, repeat: 1
 7:17:54.911 [37] TrajectoryDeciduous
 7:17:54.911   Primary Spawner: "Trajectory", active: yes, repeat: 1
 7:17:54.911 [38] TrajectoryHumus
 7:17:54.911   Primary Spawner: "Trajectory", active: yes, repeat: 1
 7:17:54.911 [39] TrajectoryPear
 7:17:54.911   Primary Spawner: "Trajectory", active: yes, repeat: 1
 7:17:54.911 [40] TrajectoryPlum
 7:17:54.911   Primary Spawner: "Trajectory", active: yes, repeat: 1
 7:17:54.911 [41] TrajectoryStones
 7:17:54.911   Primary Spawner: "Trajectory", active: yes, repeat: 1
 7:17:54.911 [42] VehicleCivilianSedan
 7:17:54.911   Primary Spawner: "Vehicle", active: yes, repeat: 1
 7:17:54.911 [43] VehicleHatchback02
 7:17:54.911   Primary Spawner: "Vehicle", active: yes, repeat: 1
 7:17:54.911 [44] VehicleOffroad02
 7:17:54.911   Primary Spawner: "Vehicle", active: yes, repeat: 1
 7:17:54.911 [45] VehicleOffroadHatchback
 7:17:54.911   Primary Spawner: "Vehicle", active: yes, repeat: 1
 7:17:54.911 [46] VehicleSedan02
 7:17:54.911   Primary Spawner: "Vehicle", active: yes, repeat: 1
 7:17:54.911 [47] VehicleTruck01