=====================================================================
== C:\dayz-shit\dayz_sa\DayZServer_x64.exe
== DayZServer_x64.exe -config=C:\dayz-shit\dayz_sa\DayZServerprofiles\serverDZ.cfg "-mod=@CF;@Community-Online-Tools;@Dabs Framework;@DayZ-Expansion-Bundle;@DayZ-Expansion-Licensed;@DayZ-Expansion-Animations;@GameLabs" -servermod=@DayZ-Dynamic-AI-Addon -port=2302 -adminlog -netlog -freezecheck -profiles=.\DayZServerprofiles
=====================================================================
Exe timestamp: 2023/12/01 07:20:54
Current time:  2023/12/22 18:03:22
Version 1.23.157045
=====================================================================

18:03:22.348 [Inputs] Loading inputs default "bin/constants.xml"
18:03:22.363 [Inputs] Loading inputs default "bin/specific.xml"
18:03:22.363 [Inputs] Loading inputs default "JM/COT/Scripts/Data/Inputs.xml"
18:03:22.363 [Inputs] Loading inputs default "DayZExpansion/Groups/Scripts/Data/Inputs.xml"
18:03:22.363 [Inputs] Loading inputs default "DayZExpansion/Navigation/Scripts/Data/Inputs.xml"
18:03:22.363 !!! [Inputs] Attempt to register duplicate exclusion group "chatexpansion"
18:03:22.363 [Inputs] Loading inputs default "DayZExpansion/PlayerList/Scripts/Data/Inputs.xml"
18:03:22.363 !!! [Inputs] Attempt to register duplicate exclusion group "chatexpansion"
18:03:22.363 [Inputs] Loading inputs default "DayZExpansion/Scripts/Data/Inputs.xml"
18:03:22.363 !!! [Inputs] Attempt to register duplicate exclusion group "chatexpansion"
18:03:22.363 [Inputs] Loading inputs default "DayZExpansion/Vehicles/Scripts/Data/Inputs.xml"
18:03:22.363 [Inputs] Loading inputs default "DayZExpansion/AI/Scripts/inputs.xml"
18:03:22.363 [Inputs] Loading inputs default "DayZExpansion/BaseBuilding/Scripts/Data/Inputs.xml"
18:03:22.363 !!! [Inputs] Attempt to register duplicate exclusion group "chatexpansion"
18:03:22.363 [Inputs] Loading inputs default "DayZExpansion/Book/Scripts/Data/Inputs.xml"
18:03:22.363 !!! [Inputs] Attempt to register duplicate exclusion group "chatexpansion"
18:03:22.363 [Inputs] Loading inputs default "DayZExpansion/Chat/Scripts/Data/Inputs.xml"
18:03:22.363 !!! [Inputs] Attempt to register duplicate exclusion group "chatexpansion"
18:03:22.363 [Inputs] Loading inputs default "DayZExpansion/Quests/Scripts/Data/Inputs.xml"
18:03:22.363 [Inputs] Loading inputs cfg ".\DayZServerprofiles\Users\Survivor\Server.core.xml"
18:03:22.379 [Inputs] Exporting inputs cfg ".\DayZServerprofiles\Users\Survivor\Server.core.xml"
18:04:03.238 [CE][Hive] :: Initializing OFFLINE
18:04:03.238 [StorageDirs] :: Selected storage directory: C:\dayz-shit\dayz_sa\mpmissions\dayzOffline.chernarusplus\storage_1\
18:04:03.238 [CE][Hive] :: Loading core data ... 
18:04:03.238 [CE][CoreData] :: 7 root classes, 18 defaults, 0 updaters...
18:04:09.598 [CE] :: WARNING :: Preset map "optics" is EMPTY.
18:04:09.598 [CE][TypeSetup] :: 525 classes setuped...
18:04:09.598 [CE] :: WARNING :: Preset map "optics" is EMPTY.
18:04:09.598 [CE][TypeSetup] :: 97 classes setuped...
18:04:10.863 [CE][RegisterBind] :: 0 classes binded...
18:04:10.863 [CE][RegisterConfig] :: 11380 config classes registered, 0 sub-counters...
18:04:10.863 [CE][Hive] :: Loading map data ... 
18:04:10.863 [CE][IgnoreList] "cfgignorelist.xml" :: loaded 19 types
18:04:10.926 [CE][LoadPrototype] :: loaded 426 prototypes
18:04:10.926   822 containers, 10869 points
18:04:10.926   71 dispatches, 250 proxies
18:04:10.926 !!! [CE][LoadPrototype] 5 groups have no points...
18:04:10.926 [CE][LoadPrototype] :: last group name: StaticObj_Misc_SupplyBox3_DE...
18:04:10.941 [CE][LoadPrototype] :: loaded 0 prototypes
18:04:10.941   55 containers, 232 points
18:04:10.941   0 dispatches, 0 proxies
18:04:10.941 [CE][LoadPrototype] :: last group name: Rail9...
18:04:12.223 [CE][LoadMap] "Group" :: loaded 11680 groups, groups failed: 0, largest group range: 34.2
18:04:12.223 [CE][LoadMap] "Dirt" :: loaded 0 groups, groups failed: 0, largest group range: 34.2
18:04:12.661 [CE][Links] found 1950 total links between groups, of 11680
18:04:12.661 [CE][LoadClusters] "Cluster" :: Loading files...
18:04:12.863 [CE][LoadClusters] :: file: "mapgroupcluster.xml", 9 types, 50000 instances
18:04:13.51 [CE][LoadClusters] :: file: "mapgroupcluster01", 9 types, 50000 instances
18:04:13.269 [CE][LoadClusters] :: file: "mapgroupcluster02", 9 types, 50000 instances
18:04:13.473 [CE][LoadClusters] :: file: "mapgroupcluster03", 9 types, 50000 instances
18:04:13.551 [CE][LoadClusters] :: file: "mapgroupcluster04", 9 types, 17347 instances
18:04:13.551 [CE][Storage] ver:21 stamp:28186, valid:yes, name:"C:\dayz-shit\dayz_sa\mpmissions\dayzOffline.chernarusplus\storage_1\data\types.bin"
18:04:13.551 [CE][Storage] ver:21 stamp:28099, valid:yes, name:"C:\dayz-shit\dayz_sa\mpmissions\dayzOffline.chernarusplus\storage_1\data\types.001"
18:04:13.566 [CE][Storage] ver:21 stamp:28100, valid:yes, name:"C:\dayz-shit\dayz_sa\mpmissions\dayzOffline.chernarusplus\storage_1\data\types.002"
18:04:13.566 [CE][Storage] Restoring file "C:\dayz-shit\dayz_sa\mpmissions\dayzOffline.chernarusplus\storage_1\data\types.bin".
18:04:13.691 !!! [CE][offlineDB] :: No Shutdown message present.
18:04:13.691 [CE][offlineDB] :: Loaded 48 dynamic events 228 total types.
18:04:13.691 !!! [CE][DE] (VehicleTruck01) :: Unable to create child (Truck_01_Covered_Grey) as the type does not exist.
18:04:13.691 [CE][offlineDB] :: Loaded 59 dynamic events 292 total types.
18:04:13.723 !!! [CE][offlineDB] :: Type 'ChristmasTree' will be ignored. (Not spawnable. (Scope is not public?))
18:04:13.723 !!! [CE][offlineDB] :: Type 'WitchHood_Chainmail_Black' will be ignored. (Type does not exist. (Typo?))
18:04:13.723 !!! [CE][offlineDB] :: Type 'WitchHood_Chainmail_Brown' will be ignored. (Type does not exist. (Typo?))
18:04:13.723 !!! [CE][offlineDB] :: Type 'WitchHood_Chainmail_Red' will be ignored. (Type does not exist. (Typo?))
18:04:13.723 !!! [CE][offlineDB] :: Type 'Expansion_M79' will be ignored. (Not spawnable. (Scope is not public?))
18:04:13.723 !!! [CE][offlineDB] :: Type 'ExpansionFlaregun' will be ignored. (Not spawnable. (Scope is not public?))
18:04:13.723 !!! [CE][offlineDB] :: Type 'Expansion_Longhorn' will be ignored. (Not spawnable. (Scope is not public?))
18:04:13.957 !!! [CE][DE][SPAWNS] :: [WARNING] :: Skipping entry for non-existing event 'VehicleTransitBus'.
18:04:13.957 [CE][DE][SPAWNS] :: Total positions: 966
18:04:13.957 [CE][DE][GROUPS] :: Total eventgroups defined: 83, Eventgroups in use: 83
18:04:13.973 [CE][Storage] ver:21 stamp:28186, valid:yes, name:"C:\dayz-shit\dayz_sa\mpmissions\dayzOffline.chernarusplus\storage_1\data\events.bin"
18:04:13.973 [CE][Storage] ver:21 stamp:28099, valid:yes, name:"C:\dayz-shit\dayz_sa\mpmissions\dayzOffline.chernarusplus\storage_1\data\events.001"
18:04:13.973 [CE][Storage] ver:21 stamp:28100, valid:yes, name:"C:\dayz-shit\dayz_sa\mpmissions\dayzOffline.chernarusplus\storage_1\data\events.002"
18:04:13.973 [CE][Storage] Restoring file "C:\dayz-shit\dayz_sa\mpmissions\dayzOffline.chernarusplus\storage_1\data\events.bin".
18:04:13.973 [CE][DynamicEvent] Load  Events:[59] Primary spawners: 59 Secondary spawners: 4
18:04:13.973 [CE][Storage] ver:25 stamp:28186, valid:yes, name:"C:\dayz-shit\dayz_sa\mpmissions\dayzOffline.chernarusplus\storage_1\data\dynamic_000.bin"
18:04:13.973 [CE][Storage] ver:25 stamp:28099, valid:yes, name:"C:\dayz-shit\dayz_sa\mpmissions\dayzOffline.chernarusplus\storage_1\data\dynamic_000.001"
18:04:13.973 [CE][Storage] ver:25 stamp:28100, valid:yes, name:"C:\dayz-shit\dayz_sa\mpmissions\dayzOffline.chernarusplus\storage_1\data\dynamic_000.002"
18:04:13.973 [CE][Storage] Restoring file "C:\dayz-shit\dayz_sa\mpmissions\dayzOffline.chernarusplus\storage_1\data\dynamic_000.bin" 838 items.
18:04:14.785   838 items loaded. (0 failed)
18:04:14.785 [CE][Storage] ver:25 stamp:28186, valid:yes, name:"C:\dayz-shit\dayz_sa\mpmissions\dayzOffline.chernarusplus\storage_1\data\dynamic_001.bin"
18:04:14.785 [CE][Storage] ver:25 stamp:28099, valid:yes, name:"C:\dayz-shit\dayz_sa\mpmissions\dayzOffline.chernarusplus\storage_1\data\dynamic_001.001"
18:04:14.785 [CE][Storage] ver:25 stamp:28100, valid:yes, name:"C:\dayz-shit\dayz_sa\mpmissions\dayzOffline.chernarusplus\storage_1\data\dynamic_001.002"
18:04:14.785 [CE][Storage] Restoring file "C:\dayz-shit\dayz_sa\mpmissions\dayzOffline.chernarusplus\storage_1\data\dynamic_001.bin" 1686 items.
18:04:16.19   1686 items loaded. (0 failed)
18:04:16.19 [CE][Storage] ver:25 stamp:28186, valid:yes, name:"C:\dayz-shit\dayz_sa\mpmissions\dayzOffline.chernarusplus\storage_1\data\dynamic_002.bin"
18:04:16.19 [CE][Storage] ver:25 stamp:28099, valid:yes, name:"C:\dayz-shit\dayz_sa\mpmissions\dayzOffline.chernarusplus\storage_1\data\dynamic_002.001"
18:04:16.19 [CE][Storage] ver:25 stamp:28100, valid:yes, name:"C:\dayz-shit\dayz_sa\mpmissions\dayzOffline.chernarusplus\storage_1\data\dynamic_002.002"
18:04:16.19 [CE][Storage] Restoring file "C:\dayz-shit\dayz_sa\mpmissions\dayzOffline.chernarusplus\storage_1\data\dynamic_002.bin" 2437 items.
18:04:17.941   2437 items loaded. (0 failed)
18:04:17.957 [CE][Storage] ver:25 stamp:28186, valid:yes, name:"C:\dayz-shit\dayz_sa\mpmissions\dayzOffline.chernarusplus\storage_1\data\dynamic_003.bin"
18:04:17.958 [CE][Storage] ver:25 stamp:28099, valid:yes, name:"C:\dayz-shit\dayz_sa\mpmissions\dayzOffline.chernarusplus\storage_1\data\dynamic_003.001"
18:04:17.958 [CE][Storage] ver:25 stamp:28100, valid:yes, name:"C:\dayz-shit\dayz_sa\mpmissions\dayzOffline.chernarusplus\storage_1\data\dynamic_003.002"
18:04:17.958 [CE][Storage] Restoring file "C:\dayz-shit\dayz_sa\mpmissions\dayzOffline.chernarusplus\storage_1\data\dynamic_003.bin" 2207 items.
18:04:19.629   2207 items loaded. (0 failed)
18:04:19.629 [CE][Storage] ver:25 stamp:28186, valid:yes, name:"C:\dayz-shit\dayz_sa\mpmissions\dayzOffline.chernarusplus\storage_1\data\dynamic_004.bin"
18:04:19.629 [CE][Storage] ver:25 stamp:28099, valid:yes, name:"C:\dayz-shit\dayz_sa\mpmissions\dayzOffline.chernarusplus\storage_1\data\dynamic_004.001"
18:04:19.629 [CE][Storage] ver:25 stamp:28100, valid:yes, name:"C:\dayz-shit\dayz_sa\mpmissions\dayzOffline.chernarusplus\storage_1\data\dynamic_004.002"
18:04:19.629 [CE][Storage] Restoring file "C:\dayz-shit\dayz_sa\mpmissions\dayzOffline.chernarusplus\storage_1\data\dynamic_004.bin" 1788 items.
18:04:20.832   1788 items loaded. (0 failed)
18:04:20.832 [CE][Storage] ver:25 stamp:28186, valid:yes, name:"C:\dayz-shit\dayz_sa\mpmissions\dayzOffline.chernarusplus\storage_1\data\dynamic_005.bin"
18:04:20.832 [CE][Storage] ver:25 stamp:28099, valid:yes, name:"C:\dayz-shit\dayz_sa\mpmissions\dayzOffline.chernarusplus\storage_1\data\dynamic_005.001"
18:04:20.832 [CE][Storage] ver:25 stamp:28100, valid:yes, name:"C:\dayz-shit\dayz_sa\mpmissions\dayzOffline.chernarusplus\storage_1\data\dynamic_005.002"
18:04:20.832 [CE][Storage] Restoring file "C:\dayz-shit\dayz_sa\mpmissions\dayzOffline.chernarusplus\storage_1\data\dynamic_005.bin" 2006 items.
18:04:22.254   2006 items loaded. (0 failed)
18:04:22.254 [CE][Storage] ver:25 stamp:28186, valid:yes, name:"C:\dayz-shit\dayz_sa\mpmissions\dayzOffline.chernarusplus\storage_1\data\dynamic_006.bin"
18:04:22.254 [CE][Storage] ver:25 stamp:28099, valid:yes, name:"C:\dayz-shit\dayz_sa\mpmissions\dayzOffline.chernarusplus\storage_1\data\dynamic_006.001"
18:04:22.254 [CE][Storage] ver:25 stamp:28100, valid:yes, name:"C:\dayz-shit\dayz_sa\mpmissions\dayzOffline.chernarusplus\storage_1\data\dynamic_006.002"
18:04:22.254 [CE][Storage] Restoring file "C:\dayz-shit\dayz_sa\mpmissions\dayzOffline.chernarusplus\storage_1\data\dynamic_006.bin" 1454 items.
18:04:23.269   1454 items loaded. (0 failed)
18:04:23.269 [CE][Storage] ver:25 stamp:28186, valid:yes, name:"C:\dayz-shit\dayz_sa\mpmissions\dayzOffline.chernarusplus\storage_1\data\dynamic_007.bin"
18:04:23.269 [CE][Storage] ver:25 stamp:28099, valid:yes, name:"C:\dayz-shit\dayz_sa\mpmissions\dayzOffline.chernarusplus\storage_1\data\dynamic_007.001"
18:04:23.269 [CE][Storage] ver:25 stamp:28100, valid:yes, name:"C:\dayz-shit\dayz_sa\mpmissions\dayzOffline.chernarusplus\storage_1\data\dynamic_007.002"
18:04:23.269 [CE][Storage] Restoring file "C:\dayz-shit\dayz_sa\mpmissions\dayzOffline.chernarusplus\storage_1\data\dynamic_007.bin" 1441 items.
18:04:24.316   1441 items loaded. (0 failed)
18:04:24.316 [CE][Storage] ver:25 stamp:28186, valid:yes, name:"C:\dayz-shit\dayz_sa\mpmissions\dayzOffline.chernarusplus\storage_1\data\dynamic_008.bin"
18:04:24.316 [CE][Storage] ver:25 stamp:28099, valid:yes, name:"C:\dayz-shit\dayz_sa\mpmissions\dayzOffline.chernarusplus\storage_1\data\dynamic_008.001"
18:04:24.316 [CE][Storage] ver:25 stamp:28100, valid:yes, name:"C:\dayz-shit\dayz_sa\mpmissions\dayzOffline.chernarusplus\storage_1\data\dynamic_008.002"
18:04:24.316 [CE][Storage] Restoring file "C:\dayz-shit\dayz_sa\mpmissions\dayzOffline.chernarusplus\storage_1\data\dynamic_008.bin" 2055 items.
18:04:25.816   2055 items loaded. (0 failed)
18:04:25.816 [CE][Storage] ver:25 stamp:28186, valid:yes, name:"C:\dayz-shit\dayz_sa\mpmissions\dayzOffline.chernarusplus\storage_1\data\dynamic_009.bin"
18:04:25.816 [CE][Storage] ver:25 stamp:28099, valid:yes, name:"C:\dayz-shit\dayz_sa\mpmissions\dayzOffline.chernarusplus\storage_1\data\dynamic_009.001"
18:04:25.816 [CE][Storage] ver:25 stamp:28100, valid:yes, name:"C:\dayz-shit\dayz_sa\mpmissions\dayzOffline.chernarusplus\storage_1\data\dynamic_009.002"
18:04:25.816 [CE][Storage] Restoring file "C:\dayz-shit\dayz_sa\mpmissions\dayzOffline.chernarusplus\storage_1\data\dynamic_009.bin" 2528 items.
18:04:28.80   2528 items loaded. (0 failed)
18:04:28.80 [CE][Storage] ver:25 stamp:28186, valid:yes, name:"C:\dayz-shit\dayz_sa\mpmissions\dayzOffline.chernarusplus\storage_1\data\dynamic_010.bin"
18:04:28.80 [CE][Storage] ver:25 stamp:28099, valid:yes, name:"C:\dayz-shit\dayz_sa\mpmissions\dayzOffline.chernarusplus\storage_1\data\dynamic_010.001"
18:04:28.80 [CE][Storage] ver:25 stamp:28100, valid:yes, name:"C:\dayz-shit\dayz_sa\mpmissions\dayzOffline.chernarusplus\storage_1\data\dynamic_010.002"
18:04:28.80 [CE][Storage] Restoring file "C:\dayz-shit\dayz_sa\mpmissions\dayzOffline.chernarusplus\storage_1\data\dynamic_010.bin" 1759 items.
18:04:29.848   1759 items loaded. (0 failed)
18:04:29.848 [CE][Storage] ver:25 stamp:28186, valid:yes, name:"C:\dayz-shit\dayz_sa\mpmissions\dayzOffline.chernarusplus\storage_1\data\dynamic_011.bin"
18:04:29.848 [CE][Storage] ver:25 stamp:28099, valid:yes, name:"C:\dayz-shit\dayz_sa\mpmissions\dayzOffline.chernarusplus\storage_1\data\dynamic_011.001"
18:04:29.848 [CE][Storage] ver:25 stamp:28100, valid:yes, name:"C:\dayz-shit\dayz_sa\mpmissions\dayzOffline.chernarusplus\storage_1\data\dynamic_011.002"
18:04:29.848 [CE][Storage] Restoring file "C:\dayz-shit\dayz_sa\mpmissions\dayzOffline.chernarusplus\storage_1\data\dynamic_011.bin" 166 items.
18:04:30.35   166 items loaded. (0 failed)
18:04:30.35 [CE][Storage] ver:26 stamp:28186, valid:yes, name:"C:\dayz-shit\dayz_sa\mpmissions\dayzOffline.chernarusplus\storage_1\data\building.bin"
18:04:30.35 [CE][Storage] ver:26 stamp:28099, valid:yes, name:"C:\dayz-shit\dayz_sa\mpmissions\dayzOffline.chernarusplus\storage_1\data\building.001"
18:04:30.35 [CE][Storage] ver:26 stamp:28100, valid:yes, name:"C:\dayz-shit\dayz_sa\mpmissions\dayzOffline.chernarusplus\storage_1\data\building.002"
18:04:30.35 [CE][Storage] Restoring file "C:\dayz-shit\dayz_sa\mpmissions\dayzOffline.chernarusplus\storage_1\data\building.bin" 0 items.
18:04:30.35   0 items loaded. (0 failed)
18:04:30.35 [CE][Storage] ver:25 stamp:28186, valid:yes, name:"C:\dayz-shit\dayz_sa\mpmissions\dayzOffline.chernarusplus\storage_1\data\vehicles.bin"
18:04:30.35 [CE][Storage] ver:25 stamp:28099, valid:yes, name:"C:\dayz-shit\dayz_sa\mpmissions\dayzOffline.chernarusplus\storage_1\data\vehicles.001"
18:04:30.35 [CE][Storage] ver:25 stamp:28100, valid:yes, name:"C:\dayz-shit\dayz_sa\mpmissions\dayzOffline.chernarusplus\storage_1\data\vehicles.002"
18:04:30.35 [CE][Storage] Restoring file "C:\dayz-shit\dayz_sa\mpmissions\dayzOffline.chernarusplus\storage_1\data\vehicles.bin" 237 items.
18:04:30.832   237 items loaded. (0 failed)
18:04:30.863 [CE][Hive] :: Storage load took:16.89 seconds, recovery stamp:28186
18:04:30.863   entity: 22739, building: 0
18:04:30.863   no lifetime: 45
18:04:30.863   pathgraph's: 654
18:04:30.863 [CE][Hive] :: Initializing ... 
18:04:30.910 [CE][InitializeMap] :: initialized: 0
18:04:30.910 [CE][Hive] :: Initializing spawners ... 
18:04:31.35 [CE][LootRespawner] (PRIDummy) :: Initially (re)spawned:0, Nominal:23604, Total in Map: 20548 at 0 (sec)
18:04:31.35   tests:0, repeats:0 fails:0, overtime:0
18:04:31.51 !!! [CE][DE] DynamicEvent "VehicleUAZ" does not have position 'player', so it needs configured positions.
18:04:31.51 !!!!!! [CE][DE] DynamicEvent "VehicleUAZ" setup is invalid, event will be disabled.
18:04:31.51 !!! [CE][DE] DynamicEvent "VehicleVodnik" does not have position 'player', so it needs configured positions.
18:04:31.51 !!!!!! [CE][DE] DynamicEvent "VehicleVodnik" setup is invalid, event will be disabled.
18:04:31.51 !!! [CE][DE] DynamicEvent "VehicleBus" does not have position 'player', so it needs configured positions.
18:04:31.51 !!!!!! [CE][DE] DynamicEvent "VehicleBus" setup is invalid, event will be disabled.
18:04:31.51 !!! [CE][DE] DynamicEvent "VehicleTractor" does not have position 'player', so it needs configured positions.
18:04:31.51 !!!!!! [CE][DE] DynamicEvent "VehicleTractor" setup is invalid, event will be disabled.
18:04:31.51 !!! [CE][DE] DynamicEvent "VehicleLandRover" does not have position 'player', so it needs configured positions.
18:04:31.51 !!!!!! [CE][DE] DynamicEvent "VehicleLandRover" setup is invalid, event will be disabled.
18:04:31.51 !!! [CE][DE] DynamicEvent "VehicleMH6Helicopter" does not have position 'player', so it needs configured positions.
18:04:31.51 !!!!!! [CE][DE] DynamicEvent "VehicleMH6Helicopter" setup is invalid, event will be disabled.
18:04:31.51 !!! [CE][DE] DynamicEvent "VehicleMerlinHelicopter" does not have position 'player', so it needs configured positions.
18:04:31.51 !!!!!! [CE][DE] DynamicEvent "VehicleMerlinHelicopter" setup is invalid, event will be disabled.
18:04:31.51 !!! [CE][DE] DynamicEvent "VehicleUh1hHelicopter" does not have position 'player', so it needs configured positions.
18:04:31.51 !!!!!! [CE][DE] DynamicEvent "VehicleUh1hHelicopter" setup is invalid, event will be disabled.
18:04:31.51 !!! [CE][DE] DynamicEvent "VehicleUtilityBoat" does not have position 'player', so it needs configured positions.
18:04:31.51 !!!!!! [CE][DE] DynamicEvent "VehicleUtilityBoat" setup is invalid, event will be disabled.
18:04:31.51 !!! [CE][DE] DynamicEvent "VehicleZodiacBoat" does not have position 'player', so it needs configured positions.
18:04:31.51 !!!!!! [CE][DE] DynamicEvent "VehicleZodiacBoat" setup is invalid, event will be disabled.
18:04:31.51 !!! [CE][DE] DynamicEvent "VehicleGyroHelicopter" does not have position 'player', so it needs configured positions.
18:04:31.51 !!!!!! [CE][DE] DynamicEvent "VehicleGyroHelicopter" setup is invalid, event will be disabled.
18:04:31.51 [CE][DynEvent] :: 59 types
18:04:31.51 [00] AmbientHen
18:04:31.51   Primary Spawner: "Ambient", active: yes, repeat: 1
18:04:31.51 [01] AnimalBear
18:04:31.51   Primary Spawner: "Animal", active: yes, repeat: 1
18:04:31.51 [02] AnimalCow
18:04:31.51   Primary Spawner: "Animal", active: yes, repeat: 1
18:04:31.51 [03] AnimalDeer
18:04:31.51   Primary Spawner: "Animal", active: yes, repeat: 1
18:04:31.51 [04] AnimalGoat
18:04:31.51   Primary Spawner: "Animal", active: yes, repeat: 1
18:04:31.51 [05] AnimalPig
18:04:31.51   Primary Spawner: "Animal", active: yes, repeat: 1
18:04:31.51 [06] AnimalRoeDeer
18:04:31.51   Primary Spawner: "Animal", active: yes, repeat: 1
18:04:31.51 [07] AnimalSheep
18:04:31.51   Primary Spawner: "Animal", active: yes, repeat: 1
18:04:31.51 [08] AnimalWildBoar
18:04:31.51   Primary Spawner: "Animal", active: yes, repeat: 1
18:04:31.51 [09] AnimalWolf
18:04:31.51   Primary Spawner: "Animal", active: yes, repeat: 1
18:04:31.51 [10] InfectedArmy
18:04:31.51   Primary Spawner: "Infected", active: yes, repeat: 1
18:04:31.51 [11] InfectedArmyHard
18:04:31.51   Primary Spawner: "Infected", active: yes, repeat: 1
18:04:31.51 [12] InfectedCity
18:04:31.51   Primary Spawner: "Infected", active: yes, repeat: 1
18:04:31.51 [13] InfectedCityTier1
18:04:31.51   Primary Spawner: "Infected", active: yes, repeat: 1
18:04:31.51 [14] InfectedFirefighter
18:04:31.51   Primary Spawner: "Infected", active: yes, repeat: 1
18:04:31.51 [15] InfectedIndustrial
18:04:31.51   Primary Spawner: "Infected", active: yes, repeat: 1
18:04:31.51 [16] InfectedMedic
18:04:31.51   Primary Spawner: "Infected", active: yes, repeat: 1
18:04:31.51 [17] InfectedNBC
18:04:31.51   Primary Spawner: "Infected", active: yes, repeat: 1
18:04:31.51 [18] InfectedNBCYellow
18:04:31.51   Primary Spawner: "Infected", active: yes, repeat: 1
18:04:31.51 [19] InfectedPolice
18:04:31.51   Primary Spawner: "Infected", active: yes, repeat: 1
18:04:31.51 [20] InfectedPoliceHard
18:04:31.51   Primary Spawner: "Infected", active: yes, repeat: 1
18:04:31.51 [21] InfectedPrisoner
18:04:31.51   Primary Spawner: "Infected", active: yes, repeat: 1
18:04:31.51 [22] InfectedReligious
18:04:31.51   Primary Spawner: "Infected", active: yes, repeat: 1
18:04:31.51 [23] InfectedSanta
18:04:31.51   Primary Spawner: "Infected", active: yes, repeat: 1
18:04:31.51 [24] InfectedSolitude
18:04:31.51   Primary Spawner: "Infected", active: yes, repeat: 1
18:04:31.51 [25] InfectedVillage
18:04:31.51   Primary Spawner: "Infected", active: yes, repeat: 1
18:04:31.51 [26] InfectedVillageTier1
18:04:31.51   Primary Spawner: "Infected", active: yes, repeat: 1
18:04:31.51 [27] ItemPlanks
18:04:31.51   Primary Spawner: "Item", active: yes, repeat: 1
18:04:31.51 [28] Loot
18:04:31.51   Primary Spawner: "Loot", active: yes, repeat: 2
18:04:31.51 [29] StaticAirplaneCrate
18:04:31.51   Primary Spawner: "Static", active: yes, repeat: 1
18:04:31.51 [30] StaticContaminatedArea
18:04:31.51   Primary Spawner: "Static", active: yes, repeat: 1
18:04:31.51 [31] StaticHeliCrash
18:04:31.51   Primary Spawner: "Static", active: yes, repeat: 1
18:04:31.51   Secondary Spawner: "Infected", active: yes, repeat: 1
18:04:31.51 [32] StaticMilitaryConvoy
18:04:31.51   Primary Spawner: "Static", active: yes, repeat: 1
18:04:31.51   Secondary Spawner: "Infected", active: yes, repeat: 1
18:04:31.51 [33] StaticPoliceSituation
18:04:31.51   Primary Spawner: "Static", active: yes, repeat: 1
18:04:31.51   Secondary Spawner: "Infected", active: yes, repeat: 1
18:04:31.51 [34] StaticTrain
18:04:31.51   Primary Spawner: "Static", active: yes, repeat: 1
18:04:31.51   Secondary Spawner: "Infected", active: yes, repeat: 1
18:04:31.51 [35] TrajectoryApple
18:04:31.51   Primary Spawner: "Trajectory", active: yes, repeat: 1
18:04:31.51 [36] TrajectoryConiferous